ASxxxx Linker V03.00 + NoICE + sdld,  page 1.
Hexadecimal  [32-Bits]

Area                                    Addr        Size        Decimal Bytes (Attributes)
--------------------------------        ----        ----        ------- ----- ------------
.  .ABS.                            00000000    00000000 =           0. bytes (ABS,CON)

      Value  Global                              Global Defined In Module
      -----  --------------------------------   ------------------------
     00000000  .__.ABS.                           cpct_keyboard
     00000000  l__CABS                         
     00000000  l__DABS                         
     00000000  l__DATA                         
     00000000  l__GSFINAL                      
     00000000  l__GSINIT                       
     00000000  l__HOME                         
     00000000  l__INITIALIZED                  
     00000000  l__INITIALIZER                  
     00000000  s__CABS                         
     00000000  s__DABS                         
     000004B8  l__CODE                         
     00004000  s__CODE                         
     000044B8  s__DATA                         
     000044B8  s__GSFINAL                      
     000044B8  s__GSINIT                       
     000044B8  s__HOME                         
     000044B8  s__INITIALIZED                  
     000044B8  s__INITIALIZER                  

ASxxxx Linker V03.00 + NoICE + sdld,  page 2.
Hexadecimal  [32-Bits]

Area                                    Addr        Size        Decimal Bytes (Attributes)
--------------------------------        ----        ----        ------- ----- ------------
_CODE                               00004000    000004B8 =        1208. bytes (REL,CON)

      Value  Global                              Global Defined In Module
      -----  --------------------------------   ------------------------
     00004000  _sp_vshot                          vshot
     00004008  _sp_enemy_saucer                   enemy_saucer
     000040D8  _sp_player_ship                    player_ship
     0000411E  _g_palette                         g_palette
     0000412E  _drawPlayer                        main
     00004146  _drawEnemy                         main
     0000416D  _eraseEnemy                        main
     0000418C  _drawShot                          main
     000041B0  _eraseShot                         main
     000041CC  _main                              main
     000042C5  _cpct_setPalette                   cpct_video
     000042DC  _cpct_isKeyPressed                 cpct_keyboard
     000042DC  cpct_isKeyPressed_asm              cpct_keyboard
     000042E8  _cpct_setPALColour                 cpct_video
     000042F4  _cpct_drawSprite                   cpct_sprites
     00004399  _cpct_keyboardStatusBuffer         cpct_keyboard
     000043A3  _cpct_waitVSYNC                    cpct_video
     000043A3  cpct_waitVSYNC_asm                 cpct_video
     000043AB  _cpct_setVideoMode                 cpct_video
     000043B9  _cpct_disableFirmware              cpct_firmware
     000043B9  _cpct_removeInterruptHandler       cpct_firmware
     000043B9  cpct_disableFirmware_asm           cpct_firmware
     000043B9  cpct_removeInterruptHandler_asm    cpct_firmware
     000043C9  _cpct_drawSolidBox                 cpct_sprites
     00004470  _cpct_mode_rom_status              cpct_firmware
     00004471  _cpct_getScreenPtr                 cpct_video
     00004487  _cpct_scanKeyboard                 cpct_keyboard
     00004487  cpct_scanKeyboard_asm              cpct_keyboard

ASxxxx Linker V03.00 + NoICE + sdld,  page 3.

Files Linked                              [ module(s) ]

obj/sprites/vshot.rel                     [ vshot ]
obj/sprites/enemy-saucer.rel              [ enemy_saucer ]
obj/sprites/player-ship.rel               [ player_ship ]
obj/sprites/g_palette.rel                 [ g_palette ]
obj/main.rel                              [ main ]


Libraries Linked                          [ object file ]

/home/cpc/cpctelera/cpctelera/cpctelera.lib
                                          [ cpct_setPalette_cbindings.rel ]
/home/cpc/cpctelera/cpctelera/cpctelera.lib
                                          [ cpct_isKeyPressed.rel ]
/home/cpc/cpctelera/cpctelera/cpctelera.lib
                                          [ cpct_setPALColour_cbindings.rel ]
/home/cpc/cpctelera/cpctelera/cpctelera.lib
                                          [ cpct_drawSprite_cbindings.rel ]
/home/cpc/cpctelera/cpctelera/cpctelera.lib
                                          [ keyboard.rel ]
/home/cpc/cpctelera/cpctelera/cpctelera.lib
                                          [ cpct_waitVSYNC.rel ]
/home/cpc/cpctelera/cpctelera/cpctelera.lib
                                          [ cpct_setVideoMode_cbindings.rel ]
/home/cpc/cpctelera/cpctelera/cpctelera.lib
                                          [ cpct_removeInterruptHandler.rel ]
/home/cpc/cpctelera/cpctelera/cpctelera.lib
                                          [ cpct_drawSolidBox_cbindings.rel ]
/home/cpc/cpctelera/cpctelera/cpctelera.lib
                                          [ cpc_mode_rom_status.rel ]
/home/cpc/cpctelera/cpctelera/cpctelera.lib
                                          [ cpct_getScreenPtr_cbindings.rel ]
/home/cpc/cpctelera/cpctelera/cpctelera.lib
                                          [ cpct_scanKeyboard.rel ]

ASxxxx Linker V03.00 + NoICE + sdld,  page 4.

User Base Address Definitions

_CODE = 0x4000
_DATA = 0x0000

